http://programsandcourses.anu.edu.au/2014/program/SASDE
http://programsandcourses.anu.edu.au/2014/program/SADEN
http://programsandcourses.anu.edu.au/2014/program/SADSC
http://programsandcourses.anu.edu.au/2014/program/BACCT
http://programsandcourses.anu.edu.au/2014/program/BACTS
http://programsandcourses.anu.edu.au/2014/program/AACOM
http://programsandcourses.anu.edu.au/2014/program/AACRD
http://programsandcourses.anu.edu.au/2014/program/BAPRC
http://programsandcourses.anu.edu.au/2014/program/BAHCR
http://programsandcourses.anu.edu.au/2014/program/BARTVMIA
http://programsandcourses.anu.edu.au/2014/program/BARTS
http://programsandcourses.anu.edu.au/2014/program/BASEC
http://programsandcourses.anu.edu.au/2014/program/BAPSVMGLOB
http://programsandcourses.anu.edu.au/2014/program/BAPST
http://programsandcourses.anu.edu.au/2014/program/BEDSA
http://programsandcourses.anu.edu.au/2014/program/BEDUC
http://programsandcourses.anu.edu.au/2014/program/BAPYA
http://programsandcourses.anu.edu.au/2014/program/BBIOT
http://programsandcourses.anu.edu.au/2014/program/BBUSA
http://programsandcourses.anu.edu.au/2014/program/BCLAS
http://programsandcourses.anu.edu.au/2014/program/BCOMM
http://programsandcourses.anu.edu.au/2014/program/BCRIM
http://programsandcourses.anu.edu.au/2014/program/BDESA
http://programsandcourses.anu.edu.au/2014/program/BDEVS
http://programsandcourses.anu.edu.au/2014/program/BECON
http://programsandcourses.anu.edu.au/2014/program/BECAC
http://programsandcourses.anu.edu.au/2014/program/AENGI
http://programsandcourses.anu.edu.au/2014/program/AENRD
http://programsandcourses.anu.edu.au/2014/program/BENVS
http://programsandcourses.anu.edu.au/2014/program/BEURO
http://programsandcourses.anu.edu.au/2014/program/BFINN
http://programsandcourses.anu.edu.au/2014/program/BGENE
http://programsandcourses.anu.edu.au/2014/program/BIT
http://programsandcourses.anu.edu.au/2014/program/BISSU
http://programsandcourses.anu.edu.au/2014/program/AISSU
http://programsandcourses.anu.edu.au/2014/program/BINBS
http://programsandcourses.anu.edu.au/2014/program/BIR
http://programsandcourses.anu.edu.au/2014/program/BLANG
http://programsandcourses.anu.edu.au/2014/program/BLCHK
http://programsandcourses.anu.edu.au/2014/program/BLJLI
http://programsandcourses.anu.edu.au/2014/program/BLSEA
http://programsandcourses.anu.edu.au/2014/program/BLMEA
http://programsandcourses.anu.edu.au/2014/program/BLJPN
http://programsandcourses.anu.edu.au/2014/program/BLAMS
http://programsandcourses.anu.edu.au/2014/program/BLLBA
http://programsandcourses.anu.edu.au/2014/program/BMEDS
http://programsandcourses.anu.edu.au/2014/program/BMDSA
http://programsandcourses.anu.edu.au/2014/program/BMBBS
http://programsandcourses.anu.edu.au/2014/program/BMECA
http://programsandcourses.anu.edu.au/2014/program/BMUSI
http://programsandcourses.anu.edu.au/2014/program/BPAST
http://programsandcourses.anu.edu.au/2014/program/APHSC
http://programsandcourses.anu.edu.au/2014/program/APHAR
http://programsandcourses.anu.edu.au/2014/program/APNAR
http://programsandcourses.anu.edu.au/2014/program/APNSC
http://programsandcourses.anu.edu.au/2014/program/BPOLS
http://programsandcourses.anu.edu.au/2014/program/BPPEVMJD
http://programsandcourses.anu.edu.au/2014/program/BPPE
http://programsandcourses.anu.edu.au/2014/program/APSYC
http://programsandcourses.anu.edu.au/2014/program/BSC
http://programsandcourses.anu.edu.au/2014/program/ASCAD
http://programsandcourses.anu.edu.au/2014/program/BSFOR
http://programsandcourses.anu.edu.au/2014/program/BSPSY
http://programsandcourses.anu.edu.au/2014/program/BSREM
http://programsandcourses.anu.edu.au/2014/program/ASSAE
http://programsandcourses.anu.edu.au/2014/program/ASENG
http://programsandcourses.anu.edu.au/2014/program/BSTAT
http://programsandcourses.anu.edu.au/2014/program/BVART
http://programsandcourses.anu.edu.au/2014/program/EAPST
http://programsandcourses.anu.edu.au/2014/program/ELANG
http://programsandcourses.anu.edu.au/2014/program/9000XPHD
http://programsandcourses.anu.edu.au/2014/program/8000XMPHIL
http://programsandcourses.anu.edu.au/2014/program/7831XDDIPL
http://programsandcourses.anu.edu.au/2014/program/7809XEMPA
http://programsandcourses.anu.edu.au/2014/program/6459XGCACC
http://programsandcourses.anu.edu.au/2014/program/6457XGCACS
http://programsandcourses.anu.edu.au/2014/program/6458XGCACT
http://programsandcourses.anu.edu.au/2014/program/6034XANTH
http://programsandcourses.anu.edu.au/2014/program/6619XGCAPE
http://programsandcourses.anu.edu.au/2014/program/6550XGCAJL
http://programsandcourses.anu.edu.au/2014/program/6454XGCAST
http://programsandcourses.anu.edu.au/2014/program/6036XARPR
http://programsandcourses.anu.edu.au/2014/program/6035XARSC
http://programsandcourses.anu.edu.au/2014/program/6037XARST
http://programsandcourses.anu.edu.au/2014/program/6022XAHCS
http://programsandcourses.anu.edu.au/2014/program/6353XGCMGL
http://programsandcourses.anu.edu.au/2014/program/6021XBIAN
http://programsandcourses.anu.edu.au/2014/program/6658XBIOTE
http://programsandcourses.anu.edu.au/2014/program/6462XGCBIM
http://programsandcourses.anu.edu.au/2014/program/6455XGCBST
http://programsandcourses.anu.edu.au/2014/program/6023XCLAS
http://programsandcourses.anu.edu.au/2014/program/6612SGCCS
http://programsandcourses.anu.edu.au/2014/program/6891XGCDEM
http://programsandcourses.anu.edu.au/2014/program/6038XDEST
http://programsandcourses.anu.edu.au/2014/program/6025XDART
http://programsandcourses.anu.edu.au/2014/program/6420XGCECP
http://programsandcourses.anu.edu.au/2014/program/6712XGCEP
http://programsandcourses.anu.edu.au/2014/program/6659XGCENV
http://programsandcourses.anu.edu.au/2014/program/6351XGCEL
http://programsandcourses.anu.edu.au/2014/program/6904XGCEMD
http://programsandcourses.anu.edu.au/2014/program/6653XENVS
http://programsandcourses.anu.edu.au/2014/program/6456XGCFM
http://programsandcourses.anu.edu.au/2014/program/6651XGCFST
http://programsandcourses.anu.edu.au/2014/program/6041XGCH
http://programsandcourses.anu.edu.au/2014/program/6020XINDG
http://programsandcourses.anu.edu.au/2014/program/6450XCGCIE
http://programsandcourses.anu.edu.au/2014/program/6811XGCIR
http://programsandcourses.anu.edu.au/2014/program/6922XGCIDE
http://programsandcourses.anu.edu.au/2014/program/6060XCEH
http://programsandcourses.anu.edu.au/2014/program/6060XMUSC
http://programsandcourses.anu.edu.au/2014/program/6060XVCR
http://programsandcourses.anu.edu.au/2014/program/6060XGCLA
http://programsandcourses.anu.edu.au/2014/program/6060XWWHL
http://programsandcourses.anu.edu.au/2014/program/6030XLING
http://programsandcourses.anu.edu.au/2014/program/6860XGCMGT
http://programsandcourses.anu.edu.au/2014/program/6860SPMGT
http://programsandcourses.anu.edu.au/2014/program/6860STECI
http://programsandcourses.anu.edu.au/2014/program/6460XGCMKG
http://programsandcourses.anu.edu.au/2014/program/6620XMECAS
http://programsandcourses.anu.edu.au/2014/program/6666XMEHI
http://programsandcourses.anu.edu.au/2014/program/6250XGCNSP
http://programsandcourses.anu.edu.au/2014/program/6680XGCNEU
http://programsandcourses.anu.edu.au/2014/program/6908XGCPA
http://programsandcourses.anu.edu.au/2014/program/6192XGCPPP
http://programsandcourses.anu.edu.au/2014/program/6192SINDST
http://programsandcourses.anu.edu.au/2014/program/6192SPOLAN
http://programsandcourses.anu.edu.au/2014/program/6040XGCRM
http://programsandcourses.anu.edu.au/2014/program/6656XGCSCM
http://programsandcourses.anu.edu.au/2014/program/6892XGCSR
http://programsandcourses.anu.edu.au/2014/program/6817XGCSS
http://programsandcourses.anu.edu.au/2014/program/6506XGCTA
http://programsandcourses.anu.edu.au/2014/program/6652XGCPSC
http://programsandcourses.anu.edu.au/2014/program/6681XGTMED
http://programsandcourses.anu.edu.au/2014/program/6010XVISA
http://programsandcourses.anu.edu.au/2014/program/6107XGCMUS
http://programsandcourses.anu.edu.au/2014/program/6205XGDAEC
http://programsandcourses.anu.edu.au/2014/program/6401XGDACT
http://programsandcourses.anu.edu.au/2014/program/6316GDAML
http://programsandcourses.anu.edu.au/2014/program/6101XGDAPL
http://programsandcourses.anu.edu.au/2014/program/6100XGDART
http://programsandcourses.anu.edu.au/2014/program/6100SANTH
http://programsandcourses.anu.edu.au/2014/program/6100SARCH
http://programsandcourses.anu.edu.au/2014/program/6100SARTC
http://programsandcourses.anu.edu.au/2014/program/6100SARTH
http://programsandcourses.anu.edu.au/2014/program/6100SBIAN
http://programsandcourses.anu.edu.au/2014/program/6100SCLAS
http://programsandcourses.anu.edu.au/2014/program/6100SENGL
http://programsandcourses.anu.edu.au/2014/program/6100SFORA
http://programsandcourses.anu.edu.au/2014/program/6100SHIST
http://programsandcourses.anu.edu.au/2014/program/6100SABST
http://programsandcourses.anu.edu.au/2014/program/6100SMUSC
http://programsandcourses.anu.edu.au/2014/program/6505XAPS
http://programsandcourses.anu.edu.au/2014/program/6206XGDECP
http://programsandcourses.anu.edu.au/2014/program/6200XGDEC
http://programsandcourses.anu.edu.au/2014/program/6713XGDEP
http://programsandcourses.anu.edu.au/2014/program/6713SDEF
http://programsandcourses.anu.edu.au/2014/program/6713SMAN
http://programsandcourses.anu.edu.au/2014/program/6713SREN
http://programsandcourses.anu.edu.au/2014/program/6713SSUST
http://programsandcourses.anu.edu.au/2014/program/6309XGDENV
http://programsandcourses.anu.edu.au/2014/program/6805XGDEMD
http://programsandcourses.anu.edu.au/2014/program/6608XENVS
http://programsandcourses.anu.edu.au/2014/program/6823XGDERE
http://programsandcourses.anu.edu.au/2014/program/6402XGDFIN
http://programsandcourses.anu.edu.au/2014/program/6313XGDGCL
http://programsandcourses.anu.edu.au/2014/program/6815XGDIAF
http://programsandcourses.anu.edu.au/2014/program/6310XGDINT
http://programsandcourses.anu.edu.au/2014/program/6207XGDITE
http://programsandcourses.anu.edu.au/2014/program/6822XGDIDE
http://programsandcourses.anu.edu.au/2014/program/6300XGDLAW
http://programsandcourses.anu.edu.au/2014/program/6300SENVL
http://programsandcourses.anu.edu.au/2014/program/6300SGCL
http://programsandcourses.anu.edu.au/2014/program/6300SINTL
http://programsandcourses.anu.edu.au/2014/program/6300SISL
http://programsandcourses.anu.edu.au/2014/program/6317XLGD
http://programsandcourses.anu.edu.au/2014/program/6312XGDLP
http://programsandcourses.anu.edu.au/2014/program/6303XGDLP
http://programsandcourses.anu.edu.au/2014/program/6305XGDLS
http://programsandcourses.anu.edu.au/2014/program/6305SEMB
http://programsandcourses.anu.edu.au/2014/program/6810XGDMGT
http://programsandcourses.anu.edu.au/2014/program/6104XGDMEC
http://programsandcourses.anu.edu.au/2014/program/6315XGDMIL
http://programsandcourses.anu.edu.au/2014/program/6210XGDNSP
http://programsandcourses.anu.edu.au/2014/program/6901XGDPOP
http://programsandcourses.anu.edu.au/2014/program/6610XGDPSY
http://programsandcourses.anu.edu.au/2014/program/6808XGDPA
http://programsandcourses.anu.edu.au/2014/program/6600XGDSCI
http://programsandcourses.anu.edu.au/2014/program/6600SASTRO
http://programsandcourses.anu.edu.au/2014/program/6600SBIMB
http://programsandcourses.anu.edu.au/2014/program/6600SCOMP
http://programsandcourses.anu.edu.au/2014/program/6600SEVOLS
http://programsandcourses.anu.edu.au/2014/program/6600SFSTY
http://programsandcourses.anu.edu.au/2014/program/6600SGEOG
http://programsandcourses.anu.edu.au/2014/program/6600SGEOL
http://programsandcourses.anu.edu.au/2014/program/6600SMATH
http://programsandcourses.anu.edu.au/2014/program/6600SNEUR
http://programsandcourses.anu.edu.au/2014/program/6600SPHYS
http://programsandcourses.anu.edu.au/2014/program/6600SPLNT
http://programsandcourses.anu.edu.au/2014/program/6600SREGO
http://programsandcourses.anu.edu.au/2014/program/6600SREMS
http://programsandcourses.anu.edu.au/2014/program/6600SSCCMP
http://programsandcourses.anu.edu.au/2014/program/6600STHPHY
http://programsandcourses.anu.edu.au/2014/program/6403XGDSTA
http://programsandcourses.anu.edu.au/2014/program/6816XGDSTS
http://programsandcourses.anu.edu.au/2014/program/6604XGDPSC
http://programsandcourses.anu.edu.au/2014/program/6706XGDCP
http://programsandcourses.anu.edu.au/2014/program/7990XCTGRS
http://programsandcourses.anu.edu.au/2014/program/7990XADMST
http://programsandcourses.anu.edu.au/2014/program/7990XGRADS
http://programsandcourses.anu.edu.au/2014/program/7990XDPGDS
http://programsandcourses.anu.edu.au/2014/program/7990XMST
http://programsandcourses.anu.edu.au/2014/program/7991XADMST
http://programsandcourses.anu.edu.au/2014/program/7992XCTGRS
http://programsandcourses.anu.edu.au/2014/program/7990XMSTR
http://programsandcourses.anu.edu.au/2014/program/7504XMSEAS
http://programsandcourses.anu.edu.au/2014/program/7330XJD
http://programsandcourses.anu.edu.au/2014/program/7414XMACCT
http://programsandcourses.anu.edu.au/2014/program/7420XMACTP
http://programsandcourses.anu.edu.au/2014/program/7409XMACST
http://programsandcourses.anu.edu.au/2014/program/7410XMACTS
http://programsandcourses.anu.edu.au/2014/program/8210XMANSP
http://programsandcourses.anu.edu.au/2014/program/7508XMTRAN
http://programsandcourses.anu.edu.au/2014/program/7116XMANTH
http://programsandcourses.anu.edu.au/2014/program/7142XANTH
http://programsandcourses.anu.edu.au/2014/program/7101XMAAPD
http://programsandcourses.anu.edu.au/2014/program/7101SCDEV
http://programsandcourses.anu.edu.au/2014/program/7101SGENDV
http://programsandcourses.anu.edu.au/2014/program/7101SHUMNA
http://programsandcourses.anu.edu.au/2014/program/7101SINDPL
http://programsandcourses.anu.edu.au/2014/program/7106XMAAPD
http://programsandcourses.anu.edu.au/2014/program/7101SSOCEN
http://programsandcourses.anu.edu.au/2014/program/7205XMAPEC
http://programsandcourses.anu.edu.au/2014/program/7421XMAPFN
http://programsandcourses.anu.edu.au/2014/program/7135XAPPL
http://programsandcourses.anu.edu.au/2014/program/7135SAPPL
http://programsandcourses.anu.edu.au/2014/program/7136XAPPL
http://programsandcourses.anu.edu.au/2014/program/7136SAPPL
http://programsandcourses.anu.edu.au/2014/program/7404XMAST
http://programsandcourses.anu.edu.au/2014/program/7119XMARSC
http://programsandcourses.anu.edu.au/2014/program/7119SFAAP
http://programsandcourses.anu.edu.au/2014/program/7119SQSAP
http://programsandcourses.anu.edu.au/2014/program/7143XARSC
http://programsandcourses.anu.edu.au/2014/program/7138XARST
http://programsandcourses.anu.edu.au/2014/program/7140XARST
http://programsandcourses.anu.edu.au/2014/program/7022XAHCS
http://programsandcourses.anu.edu.au/2014/program/7022SAUSTA
http://programsandcourses.anu.edu.au/2014/program/7022SAART
http://programsandcourses.anu.edu.au/2014/program/7023XAHCSR
http://programsandcourses.anu.edu.au/2014/program/7506XMAAPS
http://programsandcourses.anu.edu.au/2014/program/7100XMART
http://programsandcourses.anu.edu.au/2014/program/7100SANTH
http://programsandcourses.anu.edu.au/2014/program/7100SARCH
http://programsandcourses.anu.edu.au/2014/program/7100SARTC
http://programsandcourses.anu.edu.au/2014/program/7100SARTH
http://programsandcourses.anu.edu.au/2014/program/7100SBIAN
http://programsandcourses.anu.edu.au/2014/program/7100SCLAS
http://programsandcourses.anu.edu.au/2014/program/7100SENGL
http://programsandcourses.anu.edu.au/2014/program/7100SFORA
http://programsandcourses.anu.edu.au/2014/program/7100SHIST
http://programsandcourses.anu.edu.au/2014/program/7100SABST
http://programsandcourses.anu.edu.au/2014/program/7100SMEAS
http://programsandcourses.anu.edu.au/2014/program/7100SMUSC
http://programsandcourses.anu.edu.au/2014/program/7818XMAIR
http://programsandcourses.anu.edu.au/2014/program/7816XMASTS
http://programsandcourses.anu.edu.au/2014/program/7505XMAPS
http://programsandcourses.anu.edu.au/2014/program/7152XMBIO
http://programsandcourses.anu.edu.au/2014/program/7124XBIAN
http://programsandcourses.anu.edu.au/2014/program/7141XBIAN
http://programsandcourses.anu.edu.au/2014/program/7631XMBS
http://programsandcourses.anu.edu.au/2014/program/7632XMBSA
http://programsandcourses.anu.edu.au/2014/program/7609XMBIOT
http://programsandcourses.anu.edu.au/2014/program/7629XMBIOT
http://programsandcourses.anu.edu.au/2014/program/7411XMBUSN
http://programsandcourses.anu.edu.au/2014/program/7810XMBA
http://programsandcourses.anu.edu.au/2014/program/7417XMBIS
http://programsandcourses.anu.edu.au/2014/program/7157XCLAS
http://programsandcourses.anu.edu.au/2014/program/7158XCLASR
http://programsandcourses.anu.edu.au/2014/program/7824XMCLCH
http://programsandcourses.anu.edu.au/2014/program/7601XMCPSY
http://programsandcourses.anu.edu.au/2014/program/7412XMCOM
http://programsandcourses.anu.edu.au/2014/program/7705SAT
http://programsandcourses.anu.edu.au/2014/program/7706XMCOMP
http://programsandcourses.anu.edu.au/2014/program/7705SERSCH
http://programsandcourses.anu.edu.au/2014/program/7706SCOFO
http://programsandcourses.anu.edu.au/2014/program/7706SCOSY
http://programsandcourses.anu.edu.au/2014/program/7706SSENG
http://programsandcourses.anu.edu.au/2014/program/7705SCPLS
http://programsandcourses.anu.edu.au/2014/program/7705SSENG
http://programsandcourses.anu.edu.au/2014/program/7706SAI
http://programsandcourses.anu.edu.au/2014/program/7705SIHCC
http://programsandcourses.anu.edu.au/2014/program/7123XMCHM
http://programsandcourses.anu.edu.au/2014/program/7123SGHDEV
http://programsandcourses.anu.edu.au/2014/program/7123SHIA
http://programsandcourses.anu.edu.au/2014/program/7123SHPE
http://programsandcourses.anu.edu.au/2014/program/7123SHENV
http://programsandcourses.anu.edu.au/2014/program/7123SHGEND
http://programsandcourses.anu.edu.au/2014/program/7153XMCHM
http://programsandcourses.anu.edu.au/2014/program/7008XMDESA
http://programsandcourses.anu.edu.au/2014/program/7125XDART
http://programsandcourses.anu.edu.au/2014/program/7126XDART
http://programsandcourses.anu.edu.au/2014/program/7125SDART
http://programsandcourses.anu.edu.au/2014/program/7891XMDIPL
http://programsandcourses.anu.edu.au/2014/program/7891XMARTS
http://programsandcourses.anu.edu.au/2014/program/7891SMEAS
http://programsandcourses.anu.edu.au/2014/program/7886XMAIR
http://programsandcourses.anu.edu.au/2014/program/7886XMDIPL
http://programsandcourses.anu.edu.au/2014/program/7887XMASTS
http://programsandcourses.anu.edu.au/2014/program/7887XMDIPL
http://programsandcourses.anu.edu.au/2014/program/7885XMDIPL
http://programsandcourses.anu.edu.au/2014/program/7885XMAPS
http://programsandcourses.anu.edu.au/2014/program/7894XMDIPL
http://programsandcourses.anu.edu.au/2014/program/7894XEMDV
http://programsandcourses.anu.edu.au/2014/program/7880XMDIPL
http://programsandcourses.anu.edu.au/2014/program/7880XMIAF
http://programsandcourses.anu.edu.au/2014/program/7893XMDIPL
http://programsandcourses.anu.edu.au/2014/program/7893XMINTL
http://programsandcourses.anu.edu.au/2014/program/7890XIDEC
http://programsandcourses.anu.edu.au/2014/program/7890XMDIPL
http://programsandcourses.anu.edu.au/2014/program/7883XLLM
http://programsandcourses.anu.edu.au/2014/program/7883XMDIPL
http://programsandcourses.anu.edu.au/2014/program/7883SINTL
http://programsandcourses.anu.edu.au/2014/program/7881XMDIPL
http://programsandcourses.anu.edu.au/2014/program/7881XMECAS
http://programsandcourses.anu.edu.au/2014/program/7895XMDIPL
http://programsandcourses.anu.edu.au/2014/program/7895XMPA
http://programsandcourses.anu.edu.au/2014/program/7888XMDIPL
http://programsandcourses.anu.edu.au/2014/program/7888XMPUBP
http://programsandcourses.anu.edu.au/2014/program/7888SDEVPO
http://programsandcourses.anu.edu.au/2014/program/7888SINPOL
http://programsandcourses.anu.edu.au/2014/program/7882XMDIPL
http://programsandcourses.anu.edu.au/2014/program/7882XMSTS
http://programsandcourses.anu.edu.au/2014/program/7896XMDIPS
http://programsandcourses.anu.edu.au/2014/program/7206XMECPO
http://programsandcourses.anu.edu.au/2014/program/7200XMECON
http://programsandcourses.anu.edu.au/2014/program/7627XMENCH
http://programsandcourses.anu.edu.au/2014/program/7628XMENCR
http://programsandcourses.anu.edu.au/2014/program/7710XMENG
http://programsandcourses.anu.edu.au/2014/program/7709XMENG
http://programsandcourses.anu.edu.au/2014/program/7709SSOLAR
http://programsandcourses.anu.edu.au/2014/program/7709STELCO
http://programsandcourses.anu.edu.au/2014/program/7713XMEP
http://programsandcourses.anu.edu.au/2014/program/7713SDEF
http://programsandcourses.anu.edu.au/2014/program/7713SMAN
http://programsandcourses.anu.edu.au/2014/program/7713SREN
http://programsandcourses.anu.edu.au/2014/program/7713SSUST
http://programsandcourses.anu.edu.au/2014/program/7610XMENV
http://programsandcourses.anu.edu.au/2014/program/7620XMENVR
http://programsandcourses.anu.edu.au/2014/program/7309XMENVL
http://programsandcourses.anu.edu.au/2014/program/7804XMENVD
http://programsandcourses.anu.edu.au/2014/program/7823XMEREC
http://programsandcourses.anu.edu.au/2014/program/7418XMFIN
http://programsandcourses.anu.edu.au/2014/program/7406XMFINM
http://programsandcourses.anu.edu.au/2014/program/7602XMFSTY
http://programsandcourses.anu.edu.au/2014/program/7622XMFOR
http://programsandcourses.anu.edu.au/2014/program/7156XMGLB
http://programsandcourses.anu.edu.au/2014/program/7134XMGLBA
http://programsandcourses.anu.edu.au/2014/program/7313XMGCL
http://programsandcourses.anu.edu.au/2014/program/7208XMHLTE
http://programsandcourses.anu.edu.au/2014/program/7130XMHE
http://programsandcourses.anu.edu.au/2014/program/7161XMHIST
http://programsandcourses.anu.edu.au/2014/program/7162XMHR
http://programsandcourses.anu.edu.au/2014/program/7416XMISS
http://programsandcourses.anu.edu.au/2014/program/7815XMIAF
http://programsandcourses.anu.edu.au/2014/program/7310XMINTL
http://programsandcourses.anu.edu.au/2014/program/7811XMINT
http://programsandcourses.anu.edu.au/2014/program/7811SERICM
http://programsandcourses.anu.edu.au/2014/program/7318XMISL
http://programsandcourses.anu.edu.au/2014/program/7207XMITER
http://programsandcourses.anu.edu.au/2014/program/7822XMIDEC
http://programsandcourses.anu.edu.au/2014/program/7131XMIMW
http://programsandcourses.anu.edu.au/2014/program/7317XMLGD
http://programsandcourses.anu.edu.au/2014/program/7300XLLM
http://programsandcourses.anu.edu.au/2014/program/7312XLLMLP
http://programsandcourses.anu.edu.au/2014/program/7305XMLEGS
http://programsandcourses.anu.edu.au/2014/program/7147XCEH
http://programsandcourses.anu.edu.au/2014/program/7151HCEH
http://programsandcourses.anu.edu.au/2014/program/7145XMSC
http://programsandcourses.anu.edu.au/2014/program/7149HMUSC
http://programsandcourses.anu.edu.au/2014/program/7146XVCR
http://programsandcourses.anu.edu.au/2014/program/7148HVCR
http://programsandcourses.anu.edu.au/2014/program/7144XWWHL
http://programsandcourses.anu.edu.au/2014/program/7150HWWHL
http://programsandcourses.anu.edu.au/2014/program/7115XMLG
http://programsandcourses.anu.edu.au/2014/program/7132XLING
http://programsandcourses.anu.edu.au/2014/program/7137XLING
http://programsandcourses.anu.edu.au/2014/program/7812XMMGNT
http://programsandcourses.anu.edu.au/2014/program/7812SENVMT
http://programsandcourses.anu.edu.au/2014/program/7812SINDST
http://programsandcourses.anu.edu.au/2014/program/7812SINCOM
http://programsandcourses.anu.edu.au/2014/program/7812SPMGT
http://programsandcourses.anu.edu.au/2014/program/7812STECC
http://programsandcourses.anu.edu.au/2014/program/7812STECIM
http://programsandcourses.anu.edu.au/2014/program/7812STECI
http://programsandcourses.anu.edu.au/2014/program/7813XMMGNT
http://programsandcourses.anu.edu.au/2014/program/7619XMMASC
http://programsandcourses.anu.edu.au/2014/program/7621XMMSR
http://programsandcourses.anu.edu.au/2014/program/7105XMECAS
http://programsandcourses.anu.edu.au/2014/program/7155XMESAR
http://programsandcourses.anu.edu.au/2014/program/7316XMMIL
http://programsandcourses.anu.edu.au/2014/program/7005SCOMP
http://programsandcourses.anu.edu.au/2014/program/7005SMUSI
http://programsandcourses.anu.edu.au/2014/program/7005SPERF
http://programsandcourses.anu.edu.au/2014/program/7005XMMUS
http://programsandcourses.anu.edu.au/2014/program/7005SPRST
http://programsandcourses.anu.edu.au/2014/program/7005SPFRV
http://programsandcourses.anu.edu.au/2014/program/7133XMMUSA
http://programsandcourses.anu.edu.au/2014/program/7878XMNSP
http://programsandcourses.anu.edu.au/2014/program/7512XMNHD
http://programsandcourses.anu.edu.au/2014/program/7512XMNH
http://programsandcourses.anu.edu.au/2014/program/7650XMNEUR
http://programsandcourses.anu.edu.au/2014/program/7650XMNERR
http://programsandcourses.anu.edu.au/2014/program/7652XMNEUR
http://programsandcourses.anu.edu.au/2014/program/7007XMNMA
http://programsandcourses.anu.edu.au/2014/program/7611XMNSCI
http://programsandcourses.anu.edu.au/2014/program/7606XMPHOT
http://programsandcourses.anu.edu.au/2014/program/7807XMPOPS
http://programsandcourses.anu.edu.au/2014/program/7413XMPACC
http://programsandcourses.anu.edu.au/2014/program/7419XMPMGT
http://programsandcourses.anu.edu.au/2014/program/7808XMPA
http://programsandcourses.anu.edu.au/2014/program/7910XMPH
http://programsandcourses.anu.edu.au/2014/program/7912XMPHR
http://programsandcourses.anu.edu.au/2014/program/7102XMPUBP
http://programsandcourses.anu.edu.au/2014/program/7102SDEVAD
http://programsandcourses.anu.edu.au/2014/program/7102SDEVPO
http://programsandcourses.anu.edu.au/2014/program/7102SECPOL
http://programsandcourses.anu.edu.au/2014/program/7102SENVR
http://programsandcourses.anu.edu.au/2014/program/7102SENLAW
http://programsandcourses.anu.edu.au/2014/program/7102SENPOL
http://programsandcourses.anu.edu.au/2014/program/7102SINDST
http://programsandcourses.anu.edu.au/2014/program/7102SINPOL
http://programsandcourses.anu.edu.au/2014/program/7102SPOLAN
http://programsandcourses.anu.edu.au/2014/program/7102SSOPOL
http://programsandcourses.anu.edu.au/2014/program/7616XMSCES
http://programsandcourses.anu.edu.au/2014/program/7626XMESR
http://programsandcourses.anu.edu.au/2014/program/7614XMSCOM
http://programsandcourses.anu.edu.au/2014/program/7624XMSCO
http://programsandcourses.anu.edu.au/2014/program/7617SSCOM
http://programsandcourses.anu.edu.au/2014/program/7121XMSOCR
http://programsandcourses.anu.edu.au/2014/program/7121SDEMO
http://programsandcourses.anu.edu.au/2014/program/7154XMSRR
http://programsandcourses.anu.edu.au/2014/program/7121SSDP
http://programsandcourses.anu.edu.au/2014/program/7121SSRM
http://programsandcourses.anu.edu.au/2014/program/7121SSSI
http://programsandcourses.anu.edu.au/2014/program/7911XMSEM
http://programsandcourses.anu.edu.au/2014/program/7403XMSTAT
http://programsandcourses.anu.edu.au/2014/program/7817XMSTS
http://programsandcourses.anu.edu.au/2014/program/7507XMTRAN
http://programsandcourses.anu.edu.au/2014/program/7507SCHIN
http://programsandcourses.anu.edu.au/2014/program/7507SFREN
http://programsandcourses.anu.edu.au/2014/program/7507SGERM
http://programsandcourses.anu.edu.au/2014/program/7507SINDN
http://programsandcourses.anu.edu.au/2014/program/7507SITAL
http://programsandcourses.anu.edu.au/2014/program/7507SJPNS
http://programsandcourses.anu.edu.au/2014/program/7507SSPAN
http://programsandcourses.anu.edu.au/2014/program/7651XMTMED
http://programsandcourses.anu.edu.au/2014/program/7110XVISA
http://programsandcourses.anu.edu.au/2014/program/7129XVISA
http://programsandcourses.anu.edu.au/2014/program/8950XMCHD
http://programsandcourses.anu.edu.au/2014/program/1003XEXPRS
http://programsandcourses.anu.edu.au/2014/program/1102XPREP
http://programsandcourses.anu.edu.au/2014/program/5083XCRWFD
http://programsandcourses.anu.edu.au/2014/program/5083SIDEC
http://programsandcourses.anu.edu.au/2014/program/5085XCRWFD
http://programsandcourses.anu.edu.au/2014/program/5085SEMDV
http://programsandcourses.anu.edu.au/2014/program/5085XEMDV
http://programsandcourses.anu.edu.au/2014/program/5085SIDEC
http://programsandcourses.anu.edu.au/2014/program/5085SPOGO
http://programsandcourses.anu.edu.au/2014/program/5099XIAP
http://programsandcourses.anu.edu.au/2014/program/5161XPHD
http://programsandcourses.anu.edu.au/2014/program/5072XMECQ
http://programsandcourses.anu.edu.au/2014/program/5073XLLMQ
http://programsandcourses.anu.edu.au/2014/program/5070XQUAL
http://programsandcourses.anu.edu.au/2014/program/5054XSOCR
http://programsandcourses.anu.edu.au/2014/program/5053XDEMO
